// Jest Snapshot v1, https://goo.gl/fbAQLP

exports[`App snapShot 1`] = `
<View
  style={
    Object {
      "alignItems": "center",
      "backgroundColor": "#ecf0f1",
      "flex": 1,
      "paddingTop": 44,
    }
  }
>
  <View
    accessibilityRole="button"
    accessibilityState={Object {}}
    accessible={true}
    focusable={true}
    onClick={[Function]}
    onResponderGrant={[Function]}
    onResponderMove={[Function]}
    onResponderRelease={[Function]}
    onResponderTerminate={[Function]}
    onResponderTerminationRequest={[Function]}
    onStartShouldSetResponder={[Function]}
    style={
      Object {
        "opacity": 1,
      }
    }
  >
    <View
      style={
        Array [
          Object {},
        ]
      }
    >
      <Text
        style={
          Array [
            Object {
              "color": "#007AFF",
              "fontSize": 18,
              "margin": 8,
              "textAlign": "center",
            },
          ]
        }
      >
        InterstitialAd
      </Text>
    </View>
  </View>
  <View
    accessibilityRole="button"
    accessibilityState={Object {}}
    accessible={true}
    focusable={true}
    onClick={[Function]}
    onResponderGrant={[Function]}
    onResponderMove={[Function]}
    onResponderRelease={[Function]}
    onResponderTerminate={[Function]}
    onResponderTerminationRequest={[Function]}
    onStartShouldSetResponder={[Function]}
    style={
      Object {
        "opacity": 1,
      }
    }
  >
    <View
      style={
        Array [
          Object {},
        ]
      }
    >
      <Text
        style={
          Array [
            Object {
              "color": "#007AFF",
              "fontSize": 18,
              "margin": 8,
              "textAlign": "center",
            },
          ]
        }
      >
        rewardedVideoAd
      </Text>
    </View>
  </View>
  <View
    style={
      Object {
        "bottom": 0,
        "position": "absolute",
        "width": "100%",
      }
    }
  >
    <ViewManagerAdapter_ExpoAdsAdMobBannerView
      proxiedProperties={
        Object {
          "adUnitID": "ca-app-pub-3940256099942544/6300978111",
          "additionalRequestParams": Object {
            "npa": "1",
          },
          "bannerSize": "fullBanner",
          "onAdViewDidDismissScreen": undefined,
          "onAdViewDidReceiveAd": [Function],
          "onAdViewWillDismissScreen": undefined,
          "onAdViewWillLeaveApplication": undefined,
          "onAdViewWillPresentScreen": undefined,
          "onDidFailToReceiveAdWithError": [Function],
          "onSizeChange": [Function],
        }
      }
      style={Object {}}
    />
  </View>
  <View>
    <ViewManagerAdapter_ExpoAdsPublisherBannerView
      proxiedProperties={
        Object {
          "adUnitID": "ca-app-pub-3940256099942544/6300978111",
          "additionalRequestParams": Object {
            "npa": "1",
          },
          "bannerSize": "mediumRectangle",
          "onAdViewDidDismissScreen": undefined,
          "onAdViewDidReceiveAd": [Function],
          "onAdViewWillDismissScreen": undefined,
          "onAdViewWillLeaveApplication": undefined,
          "onAdViewWillPresentScreen": undefined,
          "onAdmobDispatchAppEvent": undefined,
          "onDidFailToReceiveAdWithError": [Function],
          "onSizeChange": [Function],
        }
      }
      style={Object {}}
    />
  </View>
</View>
`;
